mode: set
github.com/Ryanljk/speedcardgame/auth/services/session.service.go:22.67,24.2 1 1
github.com/Ryanljk/speedcardgame/auth/services/session.service.go:27.92,30.16 2 1
github.com/Ryanljk/speedcardgame/auth/services/session.service.go:30.16,34.17 3 1
github.com/Ryanljk/speedcardgame/auth/services/session.service.go:34.17,36.4 1 0
github.com/Ryanljk/speedcardgame/auth/services/session.service.go:40.2,44.16 3 1
github.com/Ryanljk/speedcardgame/auth/services/session.service.go:44.16,46.3 1 0
github.com/Ryanljk/speedcardgame/auth/services/session.service.go:49.2,50.16 2 1
github.com/Ryanljk/speedcardgame/auth/services/session.service.go:50.16,52.3 1 0
github.com/Ryanljk/speedcardgame/auth/services/session.service.go:54.2,54.23 1 1
github.com/Ryanljk/speedcardgame/auth/services/session.service.go:58.103,60.16 2 1
github.com/Ryanljk/speedcardgame/auth/services/session.service.go:60.16,62.3 1 1
github.com/Ryanljk/speedcardgame/auth/services/session.service.go:63.2,63.20 1 1
github.com/Ryanljk/speedcardgame/auth/services/session.service.go:66.97,68.16 2 1
github.com/Ryanljk/speedcardgame/auth/services/session.service.go:68.16,70.3 1 1
github.com/Ryanljk/speedcardgame/auth/services/session.service.go:71.2,71.20 1 1
github.com/Ryanljk/speedcardgame/auth/services/session.service.go:75.85,78.16 2 1
github.com/Ryanljk/speedcardgame/auth/services/session.service.go:78.16,79.23 1 1
github.com/Ryanljk/speedcardgame/auth/services/session.service.go:79.23,82.4 1 1
github.com/Ryanljk/speedcardgame/auth/services/session.service.go:83.3,83.13 1 0
github.com/Ryanljk/speedcardgame/auth/services/session.service.go:87.2,87.75 1 1
github.com/Ryanljk/speedcardgame/auth/services/session.service.go:87.75,89.3 1 0
github.com/Ryanljk/speedcardgame/auth/services/session.service.go:92.2,92.71 1 1
github.com/Ryanljk/speedcardgame/auth/services/session.service.go:92.71,94.3 1 0
github.com/Ryanljk/speedcardgame/auth/services/session.service.go:96.2,96.12 1 1
github.com/Ryanljk/speedcardgame/auth/services/user.service.go:30.110,32.2 1 1
github.com/Ryanljk/speedcardgame/auth/services/user.service.go:35.90,37.2 1 1
github.com/Ryanljk/speedcardgame/auth/services/user.service.go:39.97,41.2 1 0
github.com/Ryanljk/speedcardgame/auth/services/user.service.go:43.116,46.16 2 1
github.com/Ryanljk/speedcardgame/auth/services/user.service.go:46.16,48.3 1 1
github.com/Ryanljk/speedcardgame/auth/services/user.service.go:51.2,52.16 2 1
github.com/Ryanljk/speedcardgame/auth/services/user.service.go:52.16,54.3 1 0
github.com/Ryanljk/speedcardgame/auth/services/user.service.go:57.2,64.16 3 1
github.com/Ryanljk/speedcardgame/auth/services/user.service.go:64.16,66.3 1 0
github.com/Ryanljk/speedcardgame/auth/services/user.service.go:68.2,68.21 1 1
github.com/Ryanljk/speedcardgame/auth/services/user.service.go:68.21,69.65 1 1
github.com/Ryanljk/speedcardgame/auth/services/user.service.go:69.65,71.24 2 1
github.com/Ryanljk/speedcardgame/auth/services/user.service.go:71.24,73.5 1 0
github.com/Ryanljk/speedcardgame/auth/services/user.service.go:74.4,74.64 1 1
github.com/Ryanljk/speedcardgame/auth/services/user.service.go:78.2,78.19 1 1
github.com/Ryanljk/speedcardgame/auth/services/user.service.go:81.71,85.16 3 1
github.com/Ryanljk/speedcardgame/auth/services/user.service.go:85.16,87.3 1 0
github.com/Ryanljk/speedcardgame/auth/services/user.service.go:89.2,92.108 3 1
github.com/Ryanljk/speedcardgame/auth/services/user.service.go:92.108,94.3 1 1
github.com/Ryanljk/speedcardgame/auth/services/user.service.go:96.2,97.99 2 1
github.com/Ryanljk/speedcardgame/auth/services/user.service.go:97.99,99.3 1 0
github.com/Ryanljk/speedcardgame/auth/services/user.service.go:101.2,101.12 1 1
github.com/Ryanljk/speedcardgame/auth/services/user.service.go:104.139,106.29 2 1
github.com/Ryanljk/speedcardgame/auth/services/user.service.go:106.29,109.20 3 1
github.com/Ryanljk/speedcardgame/auth/services/user.service.go:109.20,111.4 1 0
github.com/Ryanljk/speedcardgame/auth/services/user.service.go:112.3,115.19 3 1
github.com/Ryanljk/speedcardgame/auth/services/user.service.go:115.19,117.4 1 0
github.com/Ryanljk/speedcardgame/auth/services/user.service.go:119.3,122.80 3 1
github.com/Ryanljk/speedcardgame/auth/services/user.service.go:122.80,124.4 1 1
github.com/Ryanljk/speedcardgame/auth/services/user.service.go:126.3,127.45 2 1
github.com/Ryanljk/speedcardgame/auth/services/user.service.go:127.45,128.9 1 1
github.com/Ryanljk/speedcardgame/auth/services/user.service.go:132.2,132.21 1 1
github.com/Ryanljk/speedcardgame/auth/services/user.service.go:136.110,141.16 3 1
github.com/Ryanljk/speedcardgame/auth/services/user.service.go:141.16,143.3 1 1
github.com/Ryanljk/speedcardgame/auth/services/user.service.go:146.2,147.16 2 1
github.com/Ryanljk/speedcardgame/auth/services/user.service.go:147.16,149.3 1 1
github.com/Ryanljk/speedcardgame/auth/services/user.service.go:151.2,155.16 3 1
github.com/Ryanljk/speedcardgame/auth/services/user.service.go:155.16,157.3 1 0
github.com/Ryanljk/speedcardgame/auth/services/user.service.go:159.2,159.29 1 1
github.com/Ryanljk/speedcardgame/auth/services/user.service.go:162.81,165.16 2 1
github.com/Ryanljk/speedcardgame/auth/services/user.service.go:165.16,168.3 2 1
github.com/Ryanljk/speedcardgame/auth/services/user.service.go:171.2,175.16 3 1
github.com/Ryanljk/speedcardgame/auth/services/user.service.go:175.16,177.3 1 0
github.com/Ryanljk/speedcardgame/auth/services/user.service.go:179.2,180.12 2 1
github.com/Ryanljk/speedcardgame/auth/services/user.service.go:184.96,187.16 2 1
github.com/Ryanljk/speedcardgame/auth/services/user.service.go:187.16,190.3 2 1
github.com/Ryanljk/speedcardgame/auth/services/user.service.go:192.2,193.16 2 1
github.com/Ryanljk/speedcardgame/auth/services/user.service.go:193.16,195.3 1 0
github.com/Ryanljk/speedcardgame/auth/services/user.service.go:197.2,199.16 3 1
github.com/Ryanljk/speedcardgame/auth/services/user.service.go:199.16,201.3 1 0
github.com/Ryanljk/speedcardgame/auth/services/user.service.go:203.2,203.18 1 1
github.com/Ryanljk/speedcardgame/auth/services/user.service.go:207.120,209.16 2 1
github.com/Ryanljk/speedcardgame/auth/services/user.service.go:209.16,211.3 1 1
github.com/Ryanljk/speedcardgame/auth/services/user.service.go:214.2,215.16 2 1
github.com/Ryanljk/speedcardgame/auth/services/user.service.go:215.16,217.3 1 0
github.com/Ryanljk/speedcardgame/auth/services/user.service.go:219.2,222.16 3 1
github.com/Ryanljk/speedcardgame/auth/services/user.service.go:222.16,224.3 1 0
github.com/Ryanljk/speedcardgame/auth/services/user.service.go:226.2,230.16 4 1
github.com/Ryanljk/speedcardgame/auth/services/user.service.go:230.16,232.3 1 0
github.com/Ryanljk/speedcardgame/auth/services/user.service.go:235.2,235.19 1 1
github.com/Ryanljk/speedcardgame/auth/services/user.service.go:240.103,242.16 2 1
github.com/Ryanljk/speedcardgame/auth/services/user.service.go:242.16,244.3 1 0
github.com/Ryanljk/speedcardgame/auth/services/user.service.go:247.2,247.49 1 1
github.com/Ryanljk/speedcardgame/auth/services/user.service.go:247.49,249.3 1 1
github.com/Ryanljk/speedcardgame/auth/services/user.service.go:251.2,252.16 2 1
github.com/Ryanljk/speedcardgame/auth/services/user.service.go:252.16,254.3 1 1
github.com/Ryanljk/speedcardgame/auth/services/user.service.go:257.2,258.16 2 1
github.com/Ryanljk/speedcardgame/auth/services/user.service.go:258.16,260.3 1 0
github.com/Ryanljk/speedcardgame/auth/services/user.service.go:262.2,263.16 2 1
github.com/Ryanljk/speedcardgame/auth/services/user.service.go:263.16,265.3 1 0
github.com/Ryanljk/speedcardgame/auth/services/user.service.go:267.2,268.16 2 1
github.com/Ryanljk/speedcardgame/auth/services/user.service.go:268.16,270.3 1 0
github.com/Ryanljk/speedcardgame/auth/services/user.service.go:272.2,272.12 1 1
github.com/Ryanljk/speedcardgame/auth/services/user.service.go:275.131,277.16 2 1
github.com/Ryanljk/speedcardgame/auth/services/user.service.go:277.16,279.3 1 1
github.com/Ryanljk/speedcardgame/auth/services/user.service.go:281.2,282.16 2 1
github.com/Ryanljk/speedcardgame/auth/services/user.service.go:282.16,284.3 1 0
github.com/Ryanljk/speedcardgame/auth/services/user.service.go:286.2,287.16 2 1
github.com/Ryanljk/speedcardgame/auth/services/user.service.go:287.16,289.3 1 0
github.com/Ryanljk/speedcardgame/auth/services/user.service.go:291.2,292.16 2 1
github.com/Ryanljk/speedcardgame/auth/services/user.service.go:292.16,294.3 1 1
github.com/Ryanljk/speedcardgame/auth/services/user.service.go:296.2,297.16 2 1
github.com/Ryanljk/speedcardgame/auth/services/user.service.go:297.16,299.3 1 0
github.com/Ryanljk/speedcardgame/auth/services/user.service.go:301.2,301.71 1 1
