mode: set
github.com/Ryanljk/speedcardgame/cards/services/card.service.go:25.57,28.67 1 1
github.com/Ryanljk/speedcardgame/cards/services/card.service.go:28.67,31.3 2 1
github.com/Ryanljk/speedcardgame/cards/services/card.service.go:36.2,48.54 2 1
github.com/Ryanljk/speedcardgame/cards/services/card.service.go:48.54,51.3 2 1
github.com/Ryanljk/speedcardgame/cards/services/card.service.go:54.2,55.56 2 1
github.com/Ryanljk/speedcardgame/cards/services/card.service.go:55.56,58.3 2 0
github.com/Ryanljk/speedcardgame/cards/services/card.service.go:62.56,66.72 2 1
github.com/Ryanljk/speedcardgame/cards/services/card.service.go:66.72,69.3 2 1
github.com/Ryanljk/speedcardgame/cards/services/card.service.go:72.2,73.57 2 1
github.com/Ryanljk/speedcardgame/cards/services/card.service.go:73.57,76.3 2 0
github.com/Ryanljk/speedcardgame/cards/services/card.service.go:80.57,85.67 1 1
github.com/Ryanljk/speedcardgame/cards/services/card.service.go:85.67,88.3 2 1
github.com/Ryanljk/speedcardgame/cards/services/card.service.go:91.2,95.58 3 1
github.com/Ryanljk/speedcardgame/cards/services/card.service.go:95.58,98.3 2 1
github.com/Ryanljk/speedcardgame/cards/services/card.service.go:101.2,101.26 1 1
github.com/Ryanljk/speedcardgame/cards/services/card.service.go:101.26,103.3 1 1
github.com/Ryanljk/speedcardgame/cards/services/card.service.go:103.8,103.33 1 1
github.com/Ryanljk/speedcardgame/cards/services/card.service.go:103.33,105.3 1 1
github.com/Ryanljk/speedcardgame/cards/services/card.service.go:105.8,105.32 1 1
github.com/Ryanljk/speedcardgame/cards/services/card.service.go:105.32,107.3 1 1
github.com/Ryanljk/speedcardgame/cards/services/card.service.go:107.8,107.33 1 0
github.com/Ryanljk/speedcardgame/cards/services/card.service.go:107.33,109.3 1 0
github.com/Ryanljk/speedcardgame/cards/services/card.service.go:109.8,109.33 1 0
github.com/Ryanljk/speedcardgame/cards/services/card.service.go:109.33,111.3 1 0
github.com/Ryanljk/speedcardgame/cards/services/card.service.go:111.8,111.37 1 0
github.com/Ryanljk/speedcardgame/cards/services/card.service.go:111.37,113.3 1 0
github.com/Ryanljk/speedcardgame/cards/services/card.service.go:113.8,113.35 1 0
github.com/Ryanljk/speedcardgame/cards/services/card.service.go:113.35,115.3 1 0
github.com/Ryanljk/speedcardgame/cards/services/card.service.go:115.8,118.3 2 0
github.com/Ryanljk/speedcardgame/cards/services/card.service.go:121.2,121.52 1 1
github.com/Ryanljk/speedcardgame/cards/services/card.service.go:121.52,124.3 2 0
github.com/Ryanljk/speedcardgame/cards/services/card.service.go:127.2,128.56 2 1
github.com/Ryanljk/speedcardgame/cards/services/card.service.go:128.56,131.3 2 0
github.com/Ryanljk/speedcardgame/cards/services/card.service.go:134.57,135.67 1 1
github.com/Ryanljk/speedcardgame/cards/services/card.service.go:135.67,138.3 2 1
github.com/Ryanljk/speedcardgame/cards/services/card.service.go:141.2,145.58 3 1
github.com/Ryanljk/speedcardgame/cards/services/card.service.go:145.58,148.3 2 1
github.com/Ryanljk/speedcardgame/cards/services/card.service.go:151.2,151.54 1 1
github.com/Ryanljk/speedcardgame/cards/services/card.service.go:151.54,154.3 2 0
github.com/Ryanljk/speedcardgame/cards/services/card.service.go:156.2,157.56 2 1
github.com/Ryanljk/speedcardgame/cards/services/card.service.go:157.56,160.3 2 0
github.com/Ryanljk/speedcardgame/cards/services/card_seed.go:19.55,21.16 2 1
github.com/Ryanljk/speedcardgame/cards/services/card_seed.go:21.16,23.3 1 1
github.com/Ryanljk/speedcardgame/cards/services/card_seed.go:24.2,30.16 5 1
github.com/Ryanljk/speedcardgame/cards/services/card_seed.go:30.16,32.3 1 0
github.com/Ryanljk/speedcardgame/cards/services/card_seed.go:34.2,35.30 2 1
github.com/Ryanljk/speedcardgame/cards/services/card_seed.go:35.30,37.3 1 1
github.com/Ryanljk/speedcardgame/cards/services/card_seed.go:39.2,39.37 1 1
github.com/Ryanljk/speedcardgame/cards/services/card_seed.go:39.37,40.37 1 1
github.com/Ryanljk/speedcardgame/cards/services/card_seed.go:40.37,42.4 1 1
github.com/Ryanljk/speedcardgame/cards/services/card_seed.go:45.2,46.6 2 1
github.com/Ryanljk/speedcardgame/cards/services/card_seed.go:46.6,48.29 2 1
github.com/Ryanljk/speedcardgame/cards/services/card_seed.go:48.29,49.9 1 1
github.com/Ryanljk/speedcardgame/cards/services/card_seed.go:51.3,51.17 1 1
github.com/Ryanljk/speedcardgame/cards/services/card_seed.go:51.17,53.4 1 0
github.com/Ryanljk/speedcardgame/cards/services/card_seed.go:54.3,56.23 2 1
github.com/Ryanljk/speedcardgame/cards/services/card_seed.go:56.23,57.12 1 0
github.com/Ryanljk/speedcardgame/cards/services/card_seed.go:60.3,61.17 2 1
github.com/Ryanljk/speedcardgame/cards/services/card_seed.go:61.17,63.4 1 1
github.com/Ryanljk/speedcardgame/cards/services/card_seed.go:65.3,67.35 3 1
github.com/Ryanljk/speedcardgame/cards/services/card_seed.go:67.35,69.4 1 1
github.com/Ryanljk/speedcardgame/cards/services/card_seed.go:71.3,72.17 2 1
github.com/Ryanljk/speedcardgame/cards/services/card_seed.go:72.17,74.4 1 0
github.com/Ryanljk/speedcardgame/cards/services/card_seed.go:75.3,76.17 2 1
github.com/Ryanljk/speedcardgame/cards/services/card_seed.go:76.17,78.4 1 0
github.com/Ryanljk/speedcardgame/cards/services/card_seed.go:79.3,80.17 2 1
github.com/Ryanljk/speedcardgame/cards/services/card_seed.go:80.17,82.4 1 0
github.com/Ryanljk/speedcardgame/cards/services/card_seed.go:83.3,84.17 2 1
github.com/Ryanljk/speedcardgame/cards/services/card_seed.go:84.17,86.4 1 0
github.com/Ryanljk/speedcardgame/cards/services/card_seed.go:87.3,102.54 5 1
github.com/Ryanljk/speedcardgame/cards/services/card_seed.go:102.54,103.49 1 1
github.com/Ryanljk/speedcardgame/cards/services/card_seed.go:103.49,105.5 1 0
github.com/Ryanljk/speedcardgame/cards/services/card_seed.go:106.4,106.12 1 1
github.com/Ryanljk/speedcardgame/cards/services/card_seed.go:108.3,108.26 1 1
github.com/Ryanljk/speedcardgame/cards/services/card_seed.go:108.26,110.4 1 0
github.com/Ryanljk/speedcardgame/cards/services/card_seed.go:112.3,121.68 2 1
github.com/Ryanljk/speedcardgame/cards/services/card_seed.go:121.68,123.4 1 0
github.com/Ryanljk/speedcardgame/cards/services/card_seed.go:126.2,126.12 1 1
github.com/Ryanljk/speedcardgame/cards/services/card_seed.go:129.83,131.15 2 1
github.com/Ryanljk/speedcardgame/cards/services/card_seed.go:131.15,133.3 1 0
github.com/Ryanljk/speedcardgame/cards/services/card_seed.go:134.2,135.16 2 1
github.com/Ryanljk/speedcardgame/cards/services/card_seed.go:135.16,137.3 1 1
github.com/Ryanljk/speedcardgame/cards/services/card_seed.go:138.2,138.19 1 1
github.com/Ryanljk/speedcardgame/cards/services/card_seed.go:141.53,142.39 1 1
github.com/Ryanljk/speedcardgame/cards/services/card_seed.go:142.39,144.3 1 1
github.com/Ryanljk/speedcardgame/cards/services/card_seed.go:145.2,145.22 1 1
github.com/Ryanljk/speedcardgame/cards/services/deck.service.go:20.29,22.17 2 1
github.com/Ryanljk/speedcardgame/cards/services/deck.service.go:22.17,24.3 1 1
github.com/Ryanljk/speedcardgame/cards/services/deck.service.go:25.2,26.31 2 1
github.com/Ryanljk/speedcardgame/cards/services/deck.service.go:26.31,28.3 1 1
github.com/Ryanljk/speedcardgame/cards/services/deck.service.go:29.2,29.15 1 1
github.com/Ryanljk/speedcardgame/cards/services/deck.service.go:32.50,34.30 2 1
github.com/Ryanljk/speedcardgame/cards/services/deck.service.go:34.30,36.3 1 1
github.com/Ryanljk/speedcardgame/cards/services/deck.service.go:37.2,37.14 1 1
github.com/Ryanljk/speedcardgame/cards/services/deck.service.go:41.57,48.67 2 1
github.com/Ryanljk/speedcardgame/cards/services/deck.service.go:48.67,51.3 2 1
github.com/Ryanljk/speedcardgame/cards/services/deck.service.go:53.2,53.24 1 1
github.com/Ryanljk/speedcardgame/cards/services/deck.service.go:53.24,56.3 2 1
github.com/Ryanljk/speedcardgame/cards/services/deck.service.go:58.2,59.54 2 1
github.com/Ryanljk/speedcardgame/cards/services/deck.service.go:59.54,62.3 2 1
github.com/Ryanljk/speedcardgame/cards/services/deck.service.go:65.2,66.93 2 1
github.com/Ryanljk/speedcardgame/cards/services/deck.service.go:66.93,67.96 1 1
github.com/Ryanljk/speedcardgame/cards/services/deck.service.go:67.96,70.4 2 0
github.com/Ryanljk/speedcardgame/cards/services/deck.service.go:74.2,80.54 2 1
github.com/Ryanljk/speedcardgame/cards/services/deck.service.go:80.54,83.3 2 1
github.com/Ryanljk/speedcardgame/cards/services/deck.service.go:86.2,87.56 2 1
github.com/Ryanljk/speedcardgame/cards/services/deck.service.go:87.56,90.3 2 0
github.com/Ryanljk/speedcardgame/cards/services/deck.service.go:93.56,97.53 2 1
github.com/Ryanljk/speedcardgame/cards/services/deck.service.go:97.53,100.3 2 1
github.com/Ryanljk/speedcardgame/cards/services/deck.service.go:103.2,104.57 2 1
github.com/Ryanljk/speedcardgame/cards/services/deck.service.go:104.57,107.3 2 0
github.com/Ryanljk/speedcardgame/cards/services/deck.service.go:110.57,117.67 2 1
github.com/Ryanljk/speedcardgame/cards/services/deck.service.go:117.67,120.3 2 1
github.com/Ryanljk/speedcardgame/cards/services/deck.service.go:123.2,123.95 1 1
github.com/Ryanljk/speedcardgame/cards/services/deck.service.go:123.95,126.3 2 1
github.com/Ryanljk/speedcardgame/cards/services/deck.service.go:129.2,130.109 2 1
github.com/Ryanljk/speedcardgame/cards/services/deck.service.go:130.109,133.3 2 0
github.com/Ryanljk/speedcardgame/cards/services/deck.service.go:136.62,141.63 2 1
github.com/Ryanljk/speedcardgame/cards/services/deck.service.go:141.63,144.3 2 1
github.com/Ryanljk/speedcardgame/cards/services/deck.service.go:146.2,146.20 1 1
github.com/Ryanljk/speedcardgame/cards/services/deck.service.go:146.20,149.3 2 1
github.com/Ryanljk/speedcardgame/cards/services/deck.service.go:151.2,152.86 2 1
github.com/Ryanljk/speedcardgame/cards/services/deck.service.go:152.86,155.3 2 1
github.com/Ryanljk/speedcardgame/cards/services/deck.service.go:157.2,158.69 2 1
github.com/Ryanljk/speedcardgame/cards/services/deck.service.go:158.69,161.3 2 0
github.com/Ryanljk/speedcardgame/cards/services/deck.service.go:163.2,169.91 3 1
github.com/Ryanljk/speedcardgame/cards/services/deck.service.go:169.91,172.3 2 0
github.com/Ryanljk/speedcardgame/cards/services/deck.service.go:174.2,174.54 1 1
github.com/Ryanljk/speedcardgame/cards/services/deck.service.go:174.54,177.3 2 0
github.com/Ryanljk/speedcardgame/cards/services/deck.service.go:179.2,180.56 2 1
github.com/Ryanljk/speedcardgame/cards/services/deck.service.go:180.56,183.3 2 0
github.com/Ryanljk/speedcardgame/cards/services/deck.service.go:186.50,188.52 2 1
github.com/Ryanljk/speedcardgame/cards/services/deck.service.go:188.52,190.3 1 1
github.com/Ryanljk/speedcardgame/cards/services/deck.service.go:192.2,192.27 1 1
github.com/Ryanljk/speedcardgame/cards/services/deck.service.go:192.27,194.3 1 1
github.com/Ryanljk/speedcardgame/cards/services/deck.service.go:196.2,199.62 3 1
github.com/Ryanljk/speedcardgame/cards/services/deck.service.go:199.62,201.3 1 0
github.com/Ryanljk/speedcardgame/cards/services/deck.service.go:203.2,203.40 1 1
github.com/Ryanljk/speedcardgame/cards/services/deck.service.go:203.40,210.89 3 1
github.com/Ryanljk/speedcardgame/cards/services/deck.service.go:210.89,212.4 1 0
github.com/Ryanljk/speedcardgame/cards/services/deck.service.go:213.3,213.48 1 1
github.com/Ryanljk/speedcardgame/cards/services/deck.service.go:213.48,215.4 1 0
github.com/Ryanljk/speedcardgame/cards/services/deck.service.go:218.2,218.12 1 1
github.com/Ryanljk/speedcardgame/cards/services/deck.service.go:221.104,225.22 3 1
github.com/Ryanljk/speedcardgame/cards/services/deck.service.go:225.22,227.37 2 1
github.com/Ryanljk/speedcardgame/cards/services/deck.service.go:227.37,228.17 1 1
github.com/Ryanljk/speedcardgame/cards/services/deck.service.go:228.17,230.5 1 1
github.com/Ryanljk/speedcardgame/cards/services/deck.service.go:232.3,234.28 2 1
github.com/Ryanljk/speedcardgame/cards/services/deck.service.go:234.28,235.22 1 1
github.com/Ryanljk/speedcardgame/cards/services/deck.service.go:235.22,236.10 1 1
github.com/Ryanljk/speedcardgame/cards/services/deck.service.go:238.4,239.25 2 1
github.com/Ryanljk/speedcardgame/cards/services/deck.service.go:239.25,241.5 1 1
github.com/Ryanljk/speedcardgame/cards/services/deck.service.go:242.4,243.22 2 1
github.com/Ryanljk/speedcardgame/cards/services/deck.service.go:247.2,247.32 1 1
github.com/Ryanljk/speedcardgame/cards/services/deck.service.go:247.32,248.21 1 1
github.com/Ryanljk/speedcardgame/cards/services/deck.service.go:248.21,249.9 1 1
github.com/Ryanljk/speedcardgame/cards/services/deck.service.go:251.3,252.14 2 1
github.com/Ryanljk/speedcardgame/cards/services/deck.service.go:255.2,255.13 1 1
github.com/Ryanljk/speedcardgame/cards/services/deck.service.go:259.62,262.19 3 1
github.com/Ryanljk/speedcardgame/cards/services/deck.service.go:262.19,265.6 2 1
github.com/Ryanljk/speedcardgame/cards/services/deck.service.go:267.5,268.78 2 1
github.com/Ryanljk/speedcardgame/cards/services/deck.service.go:268.78,271.6 2 1
github.com/Ryanljk/speedcardgame/cards/services/deck.service.go:273.5,275.16 3 1
github.com/Ryanljk/speedcardgame/cards/services/deck.service.go:275.16,278.3 2 0
github.com/Ryanljk/speedcardgame/cards/services/inventory.service.go:20.36,21.15 1 1
github.com/Ryanljk/speedcardgame/cards/services/inventory.service.go:21.15,23.3 1 1
github.com/Ryanljk/speedcardgame/cards/services/inventory.service.go:24.2,24.27 1 1
github.com/Ryanljk/speedcardgame/cards/services/inventory.service.go:24.27,26.3 1 1
github.com/Ryanljk/speedcardgame/cards/services/inventory.service.go:27.2,27.14 1 1
github.com/Ryanljk/speedcardgame/cards/services/inventory.service.go:30.60,31.18 1 1
github.com/Ryanljk/speedcardgame/cards/services/inventory.service.go:31.18,33.3 1 1
github.com/Ryanljk/speedcardgame/cards/services/inventory.service.go:35.2,36.30 2 1
github.com/Ryanljk/speedcardgame/cards/services/inventory.service.go:36.30,37.15 1 1
github.com/Ryanljk/speedcardgame/cards/services/inventory.service.go:37.15,40.12 3 1
github.com/Ryanljk/speedcardgame/cards/services/inventory.service.go:43.3,44.19 2 1
github.com/Ryanljk/speedcardgame/cards/services/inventory.service.go:44.19,45.16 1 1
github.com/Ryanljk/speedcardgame/cards/services/inventory.service.go:45.16,47.5 1 0
github.com/Ryanljk/speedcardgame/cards/services/inventory.service.go:48.4,49.12 2 1
github.com/Ryanljk/speedcardgame/cards/services/inventory.service.go:52.3,52.21 1 1
github.com/Ryanljk/speedcardgame/cards/services/inventory.service.go:52.21,55.4 2 1
github.com/Ryanljk/speedcardgame/cards/services/inventory.service.go:58.2,58.16 1 1
github.com/Ryanljk/speedcardgame/cards/services/inventory.service.go:62.62,65.72 1 1
github.com/Ryanljk/speedcardgame/cards/services/inventory.service.go:65.72,68.3 2 1
github.com/Ryanljk/speedcardgame/cards/services/inventory.service.go:70.2,75.28 2 1
github.com/Ryanljk/speedcardgame/cards/services/inventory.service.go:75.28,89.3 10 0
github.com/Ryanljk/speedcardgame/cards/services/inventory.service.go:90.2,92.59 2 1
github.com/Ryanljk/speedcardgame/cards/services/inventory.service.go:92.59,95.3 2 1
github.com/Ryanljk/speedcardgame/cards/services/inventory.service.go:97.2,98.61 2 1
github.com/Ryanljk/speedcardgame/cards/services/inventory.service.go:98.61,101.3 2 0
github.com/Ryanljk/speedcardgame/cards/services/inventory.service.go:105.62,109.59 2 1
github.com/Ryanljk/speedcardgame/cards/services/inventory.service.go:109.59,112.3 2 1
github.com/Ryanljk/speedcardgame/cards/services/inventory.service.go:114.2,114.29 1 1
github.com/Ryanljk/speedcardgame/cards/services/inventory.service.go:114.29,115.52 1 1
github.com/Ryanljk/speedcardgame/cards/services/inventory.service.go:115.52,117.4 1 1
github.com/Ryanljk/speedcardgame/cards/services/inventory.service.go:121.2,122.63 2 1
github.com/Ryanljk/speedcardgame/cards/services/inventory.service.go:122.63,125.3 2 0
github.com/Ryanljk/speedcardgame/cards/services/inventory.service.go:129.67,131.20 2 1
github.com/Ryanljk/speedcardgame/cards/services/inventory.service.go:131.20,134.3 2 1
github.com/Ryanljk/speedcardgame/cards/services/inventory.service.go:135.2,136.85 2 1
github.com/Ryanljk/speedcardgame/cards/services/inventory.service.go:136.85,139.3 2 1
github.com/Ryanljk/speedcardgame/cards/services/inventory.service.go:141.2,141.46 1 1
github.com/Ryanljk/speedcardgame/cards/services/inventory.service.go:141.46,142.58 1 0
github.com/Ryanljk/speedcardgame/cards/services/inventory.service.go:142.58,145.4 2 0
github.com/Ryanljk/speedcardgame/cards/services/inventory.service.go:149.2,150.61 2 1
github.com/Ryanljk/speedcardgame/cards/services/inventory.service.go:150.61,153.3 2 0
github.com/Ryanljk/speedcardgame/cards/services/inventory.service.go:156.62,159.72 1 1
github.com/Ryanljk/speedcardgame/cards/services/inventory.service.go:159.72,162.3 2 1
github.com/Ryanljk/speedcardgame/cards/services/inventory.service.go:165.2,169.80 4 1
github.com/Ryanljk/speedcardgame/cards/services/inventory.service.go:169.80,172.3 2 1
github.com/Ryanljk/speedcardgame/cards/services/inventory.service.go:175.2,175.28 1 1
github.com/Ryanljk/speedcardgame/cards/services/inventory.service.go:175.28,177.3 1 1
github.com/Ryanljk/speedcardgame/cards/services/inventory.service.go:178.2,178.30 1 1
github.com/Ryanljk/speedcardgame/cards/services/inventory.service.go:178.30,179.27 1 1
github.com/Ryanljk/speedcardgame/cards/services/inventory.service.go:179.27,180.12 1 0
github.com/Ryanljk/speedcardgame/cards/services/inventory.service.go:182.3,184.19 3 1
github.com/Ryanljk/speedcardgame/cards/services/inventory.service.go:184.19,186.12 2 0
github.com/Ryanljk/speedcardgame/cards/services/inventory.service.go:188.3,188.33 1 1
github.com/Ryanljk/speedcardgame/cards/services/inventory.service.go:191.2,194.57 2 1
github.com/Ryanljk/speedcardgame/cards/services/inventory.service.go:194.57,197.3 2 0
github.com/Ryanljk/speedcardgame/cards/services/inventory.service.go:200.2,201.61 2 1
github.com/Ryanljk/speedcardgame/cards/services/inventory.service.go:201.61,204.3 2 0
